// Jest Snapshot v1, https://goo.gl/fbAQLP

exports[`should render edit expense page 1`] = `
<div>
  <ExpenseForm
    expense={
      Object {
        "amount": 200,
        "createAt": 0,
        "desc": "Gum",
        "id": "1",
        "note": "note1",
      }
    }
    onSubmit={[Function]}
  />
  <button
    onClick={[Function]}
  >
     Remove 
  </button>
</div>
`;
