// Jest Snapshot v1, https://goo.gl/fbAQLP

exports[`should render expense list with given expense 1`] = `
<div>
  <h1>
     Expense List 
  </h1>
  <Connect(ExpenseListItem)
    amount={200}
    createAt={0}
    desc="Gum"
    id="1"
    key="1"
    note="note1"
  />
  <Connect(ExpenseListItem)
    amount={2002}
    createAt={-345600000}
    desc="Gum2"
    id="2"
    key="2"
    note="note2"
  />
  <Connect(ExpenseListItem)
    amount={2003}
    createAt={345600000}
    desc="Gum3"
    id="3"
    key="3"
    note="note3"
  />
</div>
`;

exports[`should render expense list with zero expenses 1`] = `
<div>
  <h1>
     Expense List 
  </h1>
  <p>
     No expenses
  </p>
</div>
`;
