// Jest Snapshot v1, https://goo.gl/fbAQLP

exports[`should display help page correctly 1`] = `
<div>
  Help Page
</div>
`;
